Microchip MPLAB XC8 Compiler V1.38 ()

Linker command line:

-W-3 --edf=C:\Program Files (x86)\Microchip\xc8\v1.38\dat\en_msgs.txt -cs \
  -h+dist/default/production\ClockExternoTimer0.X.production.sym \
  --cmf=dist/default/production\ClockExternoTimer0.X.production.cmf -z \
  -Q18F2550 -oC:\Users\eleli\AppData\Local\Temp\s1fs.2 \
  -Mdist/default/production/ClockExternoTimer0.X.production.map -E1 \
  -ver=XC8 -ASTACK=060h-07ffh -pstack=STACK -ACODE=00h-07FFFh \
  -ACONST=00h-07FFFh -ASMALLCONST=0800h-08FFhx120 \
  -AMEDIUMCONST=0800h-07FFFh -ACOMRAM=01h-05Fh -AABS1=00h-07FFh \
  -ABIGRAM=01h-07FFh -ARAM=060h-0FFh,0100h-01FFhx7 -ABANK0=060h-0FFh \
  -ABANK1=0100h-01FFh -ABANK2=0200h-02FFh -ABANK3=0300h-03FFh \
  -ABANK4=0400h-04FFh -ABANK5=0500h-05FFh -ABANK6=0600h-06FFh \
  -ABANK7=0700h-07FFh -ASFR=0F60h-0FFFh \
  -preset_vec=00h,intcode=08h,intcodelo,powerup,init,end_init \
  -pramtop=0800h -psmallconst=SMALLCONST -pmediumconst=MEDIUMCONST \
  -pconst=CONST -AFARRAM=00h-00h -ACONFIG=0300000h-030000Dh -pconfig=CONFIG \
  -AIDLOC=0200000h-0200007h -pidloc=IDLOC -AEEDATA=0F00000h-0F000FFh \
  -peeprom_data=EEDATA \
  -prdata=COMRAM,nvrram=COMRAM,nvbit=COMRAM,rbss=COMRAM,rbit=COMRAM \
  -pfarbss=FARRAM,fardata=FARRAM,nvFARRAM=FARRAM \
  -pintsave_regs=BIGRAM,bigbss=BIGRAM,bigdata=BIGRAM -pbss=RAM \
  -pidata=CODE,irdata=CODE,ibigdata=CODE,ifardata=CODE -prparam=COMRAM \
  C:\Users\eleli\AppData\Local\Temp\s1fs.obj \
  dist/default/production\ClockExternoTimer0.X.production.obj 

Object code version is 3.11

Machine type is 18F2550

Call graph: (short form)




                Name                               Link     Load   Length Selector   Space Scale
C:\Users\eleli\AppData\Local\Temp\s1fs.obj
                end_init                             16       16        4        4       0
                reset_vec                             0        0        4        0       0
                idloc                            200000   200000        8   200000       0
                config                           300000   300000        E   300000       0
dist/default/production\ClockExternoTimer0.X.production.obj
                intcode                               8        8        E        4       0
                temp                                 35       35        1        1       1
                smallconst                          800      800       10      400       0
                intcode_body                        AF0      AF0       86      408       0
                text13                              B76      B76       84      408       0
                text12                              C9A      C9A       4A      408       0
                text11                              A18      A18       D8      408       0
                text10                              940      940       D8      408       0
                text9                               D6A      D6A       3E      408       0
                text8                               DE0      DE0       2A      408       0
                text7                               CE4      CE4       44      408       0
                text6                               BFA      BFA       52      408       0
                text5                               D28      D28       42      408       0
                text4                               E0A      E0A       28      408       0
                text3                               DA8      DA8       38      408       0
                text2                               E32      E32       24      408       0
                text1                               C4C      C4C       4E      408       0
                text0                               810      810      130      408       0
                cstackCOMRAM                          1        1       32        1       1
                cinit                               E56      E56        E      408       0
                nvCOMRAM                             33       33        2        1       1

TOTAL           Name                               Link     Load   Length     Space
        CLASS   STACK          

        CLASS   CODE           
                end_init                             16       16        4         0
                intcode                               8        8        E         0
                reset_vec                             0        0        4         0
                intcode_body                        AF0      AF0       86         0
                text13                              B76      B76       84         0
                text12                              C9A      C9A       4A         0
                text11                              A18      A18       D8         0
                text10                              940      940       D8         0
                text9                               D6A      D6A       3E         0
                text8                               DE0      DE0       2A         0
                text7                               CE4      CE4       44         0
                text6                               BFA      BFA       52         0
                text5                               D28      D28       42         0
                text4                               E0A      E0A       28         0
                text3                               DA8      DA8       38         0
                text2                               E32      E32       24         0
                text1                               C4C      C4C       4E         0
                text0                               810      810      130         0
                cinit                               E56      E56        E         0

        CLASS   CONST          

        CLASS   SMALLCONST     
                smallconst                          800      800       10         0

        CLASS   MEDIUMCONST    

        CLASS   COMRAM         
                temp                                 35       35        1         1
                cstackCOMRAM                          1        1       32         1
                nvCOMRAM                             33       33        2         1

        CLASS   ABS1           

        CLASS   BIGRAM         

        CLASS   RAM            

        CLASS   BANK0          

        CLASS   BANK1          

        CLASS   BANK2          

        CLASS   BANK3          

        CLASS   BANK4          

        CLASS   BANK5          

        CLASS   BANK6          

        CLASS   BANK7          

        CLASS   SFR            

        CLASS   FARRAM         

        CLASS   CONFIG         
                config                           300000   300000        E         0

        CLASS   IDLOC          
                idloc                            200000   200000        8         0

        CLASS   EEDATA         



SEGMENTS        Name                           Load    Length   Top    Selector   Space  Class

                reset_vec                      000000  000004  000004         0       0  CODE    
                cstackCOMRAM                   000001  000035  000036         1       1  COMRAM  
                intcode                        000008  000012  00001A         4       0  CODE    
                smallconst                     000800  000010  000810       400       0  SMALLCON
                text0                          000810  000654  000E64       408       0  CODE    
                idloc                          200000  000008  200008    200000       0  IDLOC   
                config                         300000  00000E  30000E    300000       0  CONFIG  


UNUSED ADDRESS RANGES

        Name                Unused          Largest block    Delta
        BANK0            000060-0000FF               A0
        BANK1            000100-0001FF              100
        BANK2            000200-0002FF              100
        BANK3            000300-0003FF              100
        BANK4            000400-0004FF              100
        BANK5            000500-0005FF              100
        BANK6            000600-0006FF              100
        BANK7            000700-0007FF              100
        BIGRAM           000036-0007FF              7CA
        CODE             000004-000007                4
                         00001A-0007FF              7E6
                         000E64-007FFF             719C
        COMRAM           000036-00005F               2A
        CONST            000004-000007                4
                         00001A-0007FF              7E6
                         000E64-007FFF             719C
        EEDATA           F00000-F000FF              100
        MEDIUMCONST      000E64-007FFF             719C
        RAM              000060-0007FF              100
        SFR              000F60-000FFF               A0
        SMALLCONST       000E64-007FFF              100
        STACK            000060-0007FF              7A0

                                  Symbol Table

?___awdiv                cstackCOMRAM 00000F
?___lwdiv                cstackCOMRAM 000014
?___lwmod                cstackCOMRAM 00000F
?_leitura_ADC            cstackCOMRAM 00000F
ADC_Inicializa@canal     cstackCOMRAM 00000F
LCD_Char@OUTS            cstackCOMRAM 000019
LCD_Char@dat             cstackCOMRAM 000029
LCD_Char@i               cstackCOMRAM 00002A
LCD_Char_xy@dat          cstackCOMRAM 00002D
LCD_Char_xy@location     cstackCOMRAM 00002F
LCD_Char_xy@pos          cstackCOMRAM 00002C
LCD_Char_xy@row          cstackCOMRAM 00002E
LCD_Command@OUTS         cstackCOMRAM 000019
LCD_Command@cmd          cstackCOMRAM 000029
LCD_Command@i            cstackCOMRAM 00002A
LCD_String@msg           cstackCOMRAM 00002C
LCD_String_xy@location   cstackCOMRAM 000032
LCD_String_xy@msg        cstackCOMRAM 00002F
LCD_String_xy@pos        cstackCOMRAM 00002E
LCD_String_xy@row        cstackCOMRAM 000031
_ADCON0bits              (abs)        000FC2
_ADCON1bits              (abs)        000FC1
_ADCON2bits              (abs)        000FC0
_ADC_Inicializa          text4        000E0A
_ADRES                   (abs)        000FC3
_INTCON                  (abs)        000FF2
_LATB2                   (abs)        007C52
_LATB3                   (abs)        007C53
_LATB4                   (abs)        007C54
_LATB5                   (abs)        007C55
_LATB6                   (abs)        007C56
_LATB7                   (abs)        007C57
_LATC7                   (abs)        007C5F
_LCD_Char                text11       000A18
_LCD_Char_xy             text9        000D6A
_LCD_Command             text10       000940
_LCD_Init                text3        000DA8
_LCD_String              text8        000DE0
_LCD_String_xy           text7        000CE4
_OSCCON                  (abs)        000FD3
_T0CON                   (abs)        000FD5
_TMR0H                   (abs)        000FD7
_TMR0IF                  (abs)        007F92
_TMR0L                   (abs)        000FD6
_TRISA                   (abs)        000F92
_TRISB2                  (abs)        007C9A
_TRISB3                  (abs)        007C9B
_TRISB4                  (abs)        007C9C
_TRISB5                  (abs)        007C9D
_TRISB6                  (abs)        007C9E
_TRISB7                  (abs)        007C9F
_TRISC                   (abs)        000F94
_TripaSeca               intcode      000008
__CFG_BOR$OFF            (abs)        000000
__CFG_BORV$3             (abs)        000000
__CFG_CCP2MX$ON          (abs)        000000
__CFG_CP0$OFF            (abs)        000000
__CFG_CP1$OFF            (abs)        000000
__CFG_CP2$OFF            (abs)        000000
__CFG_CP3$OFF            (abs)        000000
__CFG_CPB$OFF            (abs)        000000
__CFG_CPD$OFF            (abs)        000000
__CFG_CPUDIV$OSC2_PLL3   (abs)        000000
__CFG_EBTR0$OFF          (abs)        000000
__CFG_EBTR1$OFF          (abs)        000000
__CFG_EBTR2$OFF          (abs)        000000
__CFG_EBTR3$OFF          (abs)        000000
__CFG_EBTRB$OFF          (abs)        000000
__CFG_FCMEN$OFF          (abs)        000000
__CFG_FOSC$INTOSC_HS     (abs)        000000
__CFG_IESO$OFF           (abs)        000000
__CFG_LPT1OSC$OFF        (abs)        000000
__CFG_LVP$OFF            (abs)        000000
__CFG_MCLRE$ON           (abs)        000000
__CFG_PBADEN$OFF         (abs)        000000
__CFG_PLLDIV$5           (abs)        000000
__CFG_PWRT$ON            (abs)        000000
__CFG_STVREN$ON          (abs)        000000
__CFG_USBDIV$2           (abs)        000000
__CFG_VREGEN$OFF         (abs)        000000
__CFG_WDT$OFF            (abs)        000000
__CFG_WDTPS$32768        (abs)        000000
__CFG_WRT0$OFF           (abs)        000000
__CFG_WRT1$OFF           (abs)        000000
__CFG_WRT2$OFF           (abs)        000000
__CFG_WRT3$OFF           (abs)        000000
__CFG_WRTB$OFF           (abs)        000000
__CFG_WRTC$OFF           (abs)        000000
__CFG_WRTD$OFF           (abs)        000000
__CFG_XINST$OFF          (abs)        000000
__HRAM                   (abs)        000000
__Habs1                  abs1         000000
__Hbank0                 bank0        000000
__Hbank1                 bank1        000000
__Hbank2                 bank2        000000
__Hbank3                 bank3        000000
__Hbank4                 bank4        000000
__Hbank5                 bank5        000000
__Hbank6                 bank6        000000
__Hbank7                 bank7        000000
__Hbigbss                bigbss       000000
__Hbigdata               bigdata      000000
__Hbigram                bigram       000000
__Hbss                   bss          000000
__Hcinit                 cinit        000000
__Hclrtext               clrtext      000000
__Hcomram                comram       000000
__Hconfig                config       30000E
__Hconst                 const        000000
__HcstackCOMRAM          cstackCOMRAM 000000
__Hdata                  data         000000
__Heeprom_data           eeprom_data  000000
__Hend_init              end_init     00001A
__Hfarbss                farbss       000000
__Hfardata               fardata      000000
__Hibigdata              ibigdata     000000
__Hidata                 idata        000000
__Hidloc                 idloc        200008
__Hifardata              ifardata     000000
__Hinit                  init         000016
__Hintcode               intcode      000016
__Hintcode_body          intcode_body 000000
__Hintcodelo             intcodelo    000016
__Hintentry              intentry     000000
__Hintret                intret       000000
__Hintsave_regs          intsave_regs 000000
__Hirdata                irdata       000000
__Hmediumconst           mediumconst  000000
__HnvCOMRAM              nvCOMRAM     000000
__HnvFARRAM              nvFARRAM     000000
__Hnvbit                 nvbit        000000
__Hnvrram                nvrram       000000
__Hparam                 rparam       000000
__Hpowerup               powerup      000016
__Hram                   ram          000000
__Hramtop                ramtop       000800
__Hrbit                  rbit         000000
__Hrbss                  rbss         000000
__Hrdata                 rdata        000000
__Hreset_vec             reset_vec    000004
__Hrparam                rparam       000000
__Hsfr                   sfr          000000
__Hsmallconst            smallconst   000810
__Hspace_0               (abs)        30000E
__Hspace_1               (abs)        000036
__Hspace_2               (abs)        000000
__Hstack                 stack        000000
__Hstruct                struct       000000
__Htemp                  temp         000036
__Htext                  text         000000
__Htext0                 text0        000000
__Htext1                 text1        000000
__Htext10                text10       000000
__Htext11                text11       000000
__Htext12                text12       000000
__Htext13                text13       000000
__Htext2                 text2        000000
__Htext3                 text3        000000
__Htext4                 text4        000000
__Htext5                 text5        000000
__Htext6                 text6        000000
__Htext7                 text7        000000
__Htext8                 text8        000000
__Htext9                 text9        000000
__LRAM                   (abs)        000001
__Labs1                  abs1         000000
__Lbank0                 bank0        000000
__Lbank1                 bank1        000000
__Lbank2                 bank2        000000
__Lbank3                 bank3        000000
__Lbank4                 bank4        000000
__Lbank5                 bank5        000000
__Lbank6                 bank6        000000
__Lbank7                 bank7        000000
__Lbigbss                bigbss       000000
__Lbigdata               bigdata      000000
__Lbigram                bigram       000000
__Lbss                   bss          000000
__Lcinit                 cinit        000000
__Lclrtext               clrtext      000000
__Lcomram                comram       000000
__Lconfig                config       300000
__Lconst                 const        000000
__LcstackCOMRAM          cstackCOMRAM 000000
__Ldata                  data         000000
__Leeprom_data           eeprom_data  000000
__Lend_init              end_init     000016
__Lfarbss                farbss       000000
__Lfardata               fardata      000000
__Libigdata              ibigdata     000000
__Lidata                 idata        000000
__Lidloc                 idloc        200000
__Lifardata              ifardata     000000
__Linit                  init         000016
__Lintcode               intcode      000008
__Lintcode_body          intcode_body 000000
__Lintcodelo             intcodelo    000016
__Lintentry              intentry     000000
__Lintret                intret       000000
__Lintsave_regs          intsave_regs 000000
__Lirdata                irdata       000000
__Lmediumconst           mediumconst  000000
__LnvCOMRAM              nvCOMRAM     000000
__LnvFARRAM              nvFARRAM     000000
__Lnvbit                 nvbit        000000
__Lnvrram                nvrram       000000
__Lparam                 rparam       000000
__Lpowerup               powerup      000016
__Lram                   ram          000000
__Lramtop                ramtop       000800
__Lrbit                  rbit         000000
__Lrbss                  rbss         000000
__Lrdata                 rdata        000000
__Lreset_vec             reset_vec    000000
__Lrparam                rparam       000000
__Lsfr                   sfr          000000
__Lsmallconst            smallconst   000800
__Lspace_0               (abs)        000000
__Lspace_1               (abs)        000000
__Lspace_2               (abs)        000000
__Lstack                 stack        000000
__Lstruct                struct       000000
__Ltemp                  temp         000035
__Ltext                  text         000000
__Ltext0                 text0        000000
__Ltext1                 text1        000000
__Ltext10                text10       000000
__Ltext11                text11       000000
__Ltext12                text12       000000
__Ltext13                text13       000000
__Ltext2                 text2        000000
__Ltext3                 text3        000000
__Ltext4                 text4        000000
__Ltext5                 text5        000000
__Ltext6                 text6        000000
__Ltext7                 text7        000000
__Ltext8                 text8        000000
__Ltext9                 text9        000000
__S0                     (abs)        30000E
__S1                     (abs)        000036
__S2                     (abs)        000000
___awdiv                 text13       000B76
___awdiv@counter         cstackCOMRAM 000013
___awdiv@dividend        cstackCOMRAM 00000F
___awdiv@divisor         cstackCOMRAM 000011
___awdiv@quotient        cstackCOMRAM 000015
___awdiv@sign            cstackCOMRAM 000014
___inthi_sp              stack        000000
___intlo_sp              stack        000000
___lwdiv                 text6        000BFA
___lwdiv@counter         cstackCOMRAM 00001A
___lwdiv@dividend        cstackCOMRAM 000014
___lwdiv@divisor         cstackCOMRAM 000016
___lwdiv@quotient        cstackCOMRAM 000018
___lwmod                 text5        000D28
___lwmod@counter         cstackCOMRAM 000013
___lwmod@dividend        cstackCOMRAM 00000F
___lwmod@divisor         cstackCOMRAM 000011
___param_bank            (abs)        000010
___rparam_used           (abs)        000001
___sp                    stack        000000
__accesstop              (abs)        000060
__activetblptr           (abs)        000002
__end_of_ADC_Inicializa  text4        000E32
__end_of_LCD_Char        text11       000AF0
__end_of_LCD_Char_xy     text9        000DA8
__end_of_LCD_Command     text10       000A18
__end_of_LCD_Init        text3        000DE0
__end_of_LCD_String      text8        000E0A
__end_of_LCD_String_xy   text7        000D28
__end_of_TripaSeca       intcode_body 000B76
__end_of___awdiv         text13       000BFA
__end_of___lwdiv         text6        000C4C
__end_of___lwmod         text5        000D6A
__end_of__initialization cinit        000E56
__end_of_delay_ms        text12       000CE4
__end_of_leitura_ADC     text2        000E56
__end_of_main            text0        000940
__end_of_setup           text1        000C9A
__initialization         cinit        000E56
__mediumconst            mediumconst  000000
__pcinit                 cinit        000E56
__pcstackCOMRAM          cstackCOMRAM 000001
__pintcode               intcode      000008
__pintcode_body          intcode_body 000AF0
__pnvCOMRAM              nvCOMRAM     000033
__psmallconst            smallconst   000800
__ptext0                 text0        000810
__ptext1                 text1        000C4C
__ptext10                text10       000940
__ptext11                text11       000A18
__ptext12                text12       000C9A
__ptext13                text13       000B76
__ptext2                 text2        000E32
__ptext3                 text3        000DA8
__ptext4                 text4        000E0A
__ptext5                 text5        000D28
__ptext6                 text6        000BFA
__ptext7                 text7        000CE4
__ptext8                 text8        000DE0
__ptext9                 text9        000D6A
__ramtop                 ramtop       000800
__size_of_ADC_Inicializa (abs)        000000
__size_of_LCD_Char       (abs)        000000
__size_of_LCD_Char_xy    (abs)        000000
__size_of_LCD_Command    (abs)        000000
__size_of_LCD_Init       (abs)        000000
__size_of_LCD_String     (abs)        000000
__size_of_LCD_String_xy  (abs)        000000
__size_of_TripaSeca      (abs)        000000
__size_of___awdiv        (abs)        000000
__size_of___lwdiv        (abs)        000000
__size_of___lwmod        (abs)        000000
__size_of_delay_ms       (abs)        000000
__size_of_leitura_ADC    (abs)        000000
__size_of_main           (abs)        000000
__size_of_setup          (abs)        000000
__smallconst             smallconst   000800
_delay_ms                text12       000C9A
_leitura_ADC             text2        000E32
_main                    text0        000810
_setup                   text1        000C4C
_valorADC                nvCOMRAM     000033
btemp                    temp         000035
delay_ms@i               cstackCOMRAM 000011
delay_ms@j               cstackCOMRAM 000013
delay_ms@tempo           cstackCOMRAM 00000F
end_of_initialization    cinit        000E56
int$flags                temp         000035
int_func                 intcode_body 000AF0
intlevel0                text         000000
intlevel1                text         000000
intlevel2                text         000000
intlevel3                text         000000
leitura_ADC@canal        cstackCOMRAM 00000F
stackhi                  (abs)        0007FF
stacklo                  (abs)        000060
start                    init         000016
start_initialization     cinit        000E56


FUNCTION INFORMATION:

 *************** function _main *****************
 Defined at:
		line 53 in file "main.c"
 Parameters:    Size  Location     Type
		None
 Auto vars:     Size  Location     Type
		None
 Return value:  Size  Location     Type
                  1    wreg      void 
 Registers used:
		wreg, fsr2l, fsr2h, status,2, status,0, tblptrl, tblptrh, tblptru, cstack
 Tracked objects:
		On entry : 
		On exit  : 
		Unchanged: 
 Data sizes:     COMRAM   BANK0   BANK1   BANK2   BANK3   BANK4   BANK5   BANK6   BANK7
      Params:         0       0       0       0       0       0       0       0       0
      Locals:         0       0       0       0       0       0       0       0       0
      Temps:          0       0       0       0       0       0       0       0       0
      Totals:         0       0       0       0       0       0       0       0       0
Total ram usage:        0 bytes
 Hardware stack levels required when called:    5
 This function calls:
		_LCD_Char_xy
		_LCD_String_xy
		___lwdiv
		___lwmod
		_leitura_ADC
		_setup
 This function is called by:
		Startup code after reset
 This function uses a non-reentrant model


 *************** function _setup *****************
 Defined at:
		line 20 in file "main.c"
 Parameters:    Size  Location     Type
		None
 Auto vars:     Size  Location     Type
		None
 Return value:  Size  Location     Type
                  1    wreg      void 
 Registers used:
		wreg, fsr2l, fsr2h, status,2, status,0, cstack
 Tracked objects:
		On entry : 
		On exit  : 
		Unchanged: 
 Data sizes:     COMRAM   BANK0   BANK1   BANK2   BANK3   BANK4   BANK5   BANK6   BANK7
      Params:         0       0       0       0       0       0       0       0       0
      Locals:         0       0       0       0       0       0       0       0       0
      Temps:          0       0       0       0       0       0       0       0       0
      Totals:         0       0       0       0       0       0       0       0       0
Total ram usage:        0 bytes
 Hardware stack levels used:    1
 Hardware stack levels required when called:    4
 This function calls:
		_ADC_Inicializa
		_LCD_Init
		_leitura_ADC
 This function is called by:
		_main
 This function uses a non-reentrant model


 *************** function _leitura_ADC *****************
 Defined at:
		line 88 in file "PICLibs.h"
 Parameters:    Size  Location     Type
  canal           2   14[COMRAM] unsigned short 
 Auto vars:     Size  Location     Type
		None
 Return value:  Size  Location     Type
                  2   14[COMRAM] unsigned int 
 Registers used:
		wreg, status,2, status,0
 Tracked objects:
		On entry : 
		On exit  : 
		Unchanged: 
 Data sizes:     COMRAM   BANK0   BANK1   BANK2   BANK3   BANK4   BANK5   BANK6   BANK7
      Params:         2       0       0       0       0       0       0       0       0
      Locals:         0       0       0       0       0       0       0       0       0
      Temps:          1       0       0       0       0       0       0       0       0
      Totals:         3       0       0       0       0       0       0       0       0
Total ram usage:        3 bytes
 Hardware stack levels used:    1
 Hardware stack levels required when called:    1
 This function calls:
		Nothing
 This function is called by:
		_setup
		_main
 This function uses a non-reentrant model


 *************** function _LCD_Init *****************
 Defined at:
		line 150 in file "PICLibs.h"
 Parameters:    Size  Location     Type
		None
 Auto vars:     Size  Location     Type
		None
 Return value:  Size  Location     Type
                  1    wreg      void 
 Registers used:
		wreg, fsr2l, fsr2h, status,2, status,0, cstack
 Tracked objects:
		On entry : 
		On exit  : 
		Unchanged: 
 Data sizes:     COMRAM   BANK0   BANK1   BANK2   BANK3   BANK4   BANK5   BANK6   BANK7
      Params:         0       0       0       0       0       0       0       0       0
      Locals:         0       0       0       0       0       0       0       0       0
      Temps:          0       0       0       0       0       0       0       0       0
      Totals:         0       0       0       0       0       0       0       0       0
Total ram usage:        0 bytes
 Hardware stack levels used:    1
 Hardware stack levels required when called:    3
 This function calls:
		_LCD_Command
		_delay_ms
 This function is called by:
		_setup
 This function uses a non-reentrant model


 *************** function _ADC_Inicializa *****************
 Defined at:
		line 77 in file "PICLibs.h"
 Parameters:    Size  Location     Type
  canal           2   14[COMRAM] unsigned short 
 Auto vars:     Size  Location     Type
		None
 Return value:  Size  Location     Type
                  1    wreg      void 
 Registers used:
		wreg, status,2, status,0
 Tracked objects:
		On entry : 
		On exit  : 
		Unchanged: 
 Data sizes:     COMRAM   BANK0   BANK1   BANK2   BANK3   BANK4   BANK5   BANK6   BANK7
      Params:         2       0       0       0       0       0       0       0       0
      Locals:         0       0       0       0       0       0       0       0       0
      Temps:          1       0       0       0       0       0       0       0       0
      Totals:         3       0       0       0       0       0       0       0       0
Total ram usage:        3 bytes
 Hardware stack levels used:    1
 Hardware stack levels required when called:    1
 This function calls:
		Nothing
 This function is called by:
		_setup
 This function uses a non-reentrant model


 *************** function ___lwmod *****************
 Defined at:
		line 8 in file "C:\Program Files (x86)\Microchip\xc8\v1.38\sources\common\lwmod.c"
 Parameters:    Size  Location     Type
  dividend        2   14[COMRAM] unsigned int 
  divisor         2   16[COMRAM] unsigned int 
 Auto vars:     Size  Location     Type
  counter         1   18[COMRAM] unsigned char 
 Return value:  Size  Location     Type
                  2   14[COMRAM] unsigned int 
 Registers used:
		wreg, status,2, status,0
 Tracked objects:
		On entry : 
		On exit  : 
		Unchanged: 
 Data sizes:     COMRAM   BANK0   BANK1   BANK2   BANK3   BANK4   BANK5   BANK6   BANK7
      Params:         4       0       0       0       0       0       0       0       0
      Locals:         1       0       0       0       0       0       0       0       0
      Temps:          0       0       0       0       0       0       0       0       0
      Totals:         5       0       0       0       0       0       0       0       0
Total ram usage:        5 bytes
 Hardware stack levels used:    1
 Hardware stack levels required when called:    1
 This function calls:
		Nothing
 This function is called by:
		_main
 This function uses a non-reentrant model


 *************** function ___lwdiv *****************
 Defined at:
		line 8 in file "C:\Program Files (x86)\Microchip\xc8\v1.38\sources\common\lwdiv.c"
 Parameters:    Size  Location     Type
  dividend        2   19[COMRAM] unsigned int 
  divisor         2   21[COMRAM] unsigned int 
 Auto vars:     Size  Location     Type
  quotient        2   23[COMRAM] unsigned int 
  counter         1   25[COMRAM] unsigned char 
 Return value:  Size  Location     Type
                  2   19[COMRAM] unsigned int 
 Registers used:
		wreg, status,2, status,0
 Tracked objects:
		On entry : 
		On exit  : 
		Unchanged: 
 Data sizes:     COMRAM   BANK0   BANK1   BANK2   BANK3   BANK4   BANK5   BANK6   BANK7
      Params:         4       0       0       0       0       0       0       0       0
      Locals:         3       0       0       0       0       0       0       0       0
      Temps:          0       0       0       0       0       0       0       0       0
      Totals:         7       0       0       0       0       0       0       0       0
Total ram usage:        7 bytes
 Hardware stack levels used:    1
 Hardware stack levels required when called:    1
 This function calls:
		Nothing
 This function is called by:
		_main
 This function uses a non-reentrant model


 *************** function _LCD_String_xy *****************
 Defined at:
		line 243 in file "PICLibs.h"
 Parameters:    Size  Location     Type
  row             1    wreg     unsigned char 
  pos             1   45[COMRAM] unsigned char 
  msg             2   46[COMRAM] PTR const unsigned char 
		 -> STR_1(14), 
 Auto vars:     Size  Location     Type
  row             1   48[COMRAM] unsigned char 
  location        1   49[COMRAM] unsigned char 
 Return value:  Size  Location     Type
                  1    wreg      void 
 Registers used:
		wreg, fsr2l, fsr2h, status,2, status,0, tblptrl, tblptrh, tblptru, cstack
 Tracked objects:
		On entry : 
		On exit  : 
		Unchanged: 
 Data sizes:     COMRAM   BANK0   BANK1   BANK2   BANK3   BANK4   BANK5   BANK6   BANK7
      Params:         3       0       0       0       0       0       0       0       0
      Locals:         2       0       0       0       0       0       0       0       0
      Temps:          0       0       0       0       0       0       0       0       0
      Totals:         5       0       0       0       0       0       0       0       0
Total ram usage:        5 bytes
 Hardware stack levels used:    1
 Hardware stack levels required when called:    4
 This function calls:
		_LCD_Command
		_LCD_String
 This function is called by:
		_main
 This function uses a non-reentrant model


 *************** function _LCD_String *****************
 Defined at:
		line 234 in file "PICLibs.h"
 Parameters:    Size  Location     Type
  msg             2   43[COMRAM] PTR const unsigned char 
		 -> STR_1(14), 
 Auto vars:     Size  Location     Type
		None
 Return value:  Size  Location     Type
                  1    wreg      void 
 Registers used:
		wreg, fsr2l, fsr2h, status,2, status,0, tblptrl, tblptrh, tblptru, cstack
 Tracked objects:
		On entry : 
		On exit  : 
		Unchanged: 
 Data sizes:     COMRAM   BANK0   BANK1   BANK2   BANK3   BANK4   BANK5   BANK6   BANK7
      Params:         2       0       0       0       0       0       0       0       0
      Locals:         0       0       0       0       0       0       0       0       0
      Temps:          0       0       0       0       0       0       0       0       0
      Totals:         2       0       0       0       0       0       0       0       0
Total ram usage:        2 bytes
 Hardware stack levels used:    1
 Hardware stack levels required when called:    3
 This function calls:
		_LCD_Char
 This function is called by:
		_LCD_String_xy
 This function uses a non-reentrant model


 *************** function _LCD_Char_xy *****************
 Defined at:
		line 202 in file "PICLibs.h"
 Parameters:    Size  Location     Type
  row             1    wreg     unsigned char 
  pos             1   43[COMRAM] unsigned char 
  dat             1   44[COMRAM] unsigned char 
 Auto vars:     Size  Location     Type
  row             1   45[COMRAM] unsigned char 
  location        1   46[COMRAM] unsigned char 
 Return value:  Size  Location     Type
                  1    wreg      void 
 Registers used:
		wreg, fsr2l, fsr2h, status,2, status,0, cstack
 Tracked objects:
		On entry : 
		On exit  : 
		Unchanged: 
 Data sizes:     COMRAM   BANK0   BANK1   BANK2   BANK3   BANK4   BANK5   BANK6   BANK7
      Params:         2       0       0       0       0       0       0       0       0
      Locals:         2       0       0       0       0       0       0       0       0
      Temps:          0       0       0       0       0       0       0       0       0
      Totals:         4       0       0       0       0       0       0       0       0
Total ram usage:        4 bytes
 Hardware stack levels used:    1
 Hardware stack levels required when called:    3
 This function calls:
		_LCD_Char
		_LCD_Command
 This function is called by:
		_main
 This function uses a non-reentrant model


 *************** function _LCD_Command *****************
 Defined at:
		line 116 in file "PICLibs.h"
 Parameters:    Size  Location     Type
  cmd             1    wreg     unsigned char 
 Auto vars:     Size  Location     Type
  cmd             1   40[COMRAM] unsigned char 
  OUTS           16   24[COMRAM] short [8]
  i               2   41[COMRAM] short 
 Return value:  Size  Location     Type
                  1    wreg      void 
 Registers used:
		wreg, fsr2l, fsr2h, status,2, status,0, cstack
 Tracked objects:
		On entry : 
		On exit  : 
		Unchanged: 
 Data sizes:     COMRAM   BANK0   BANK1   BANK2   BANK3   BANK4   BANK5   BANK6   BANK7
      Params:         0       0       0       0       0       0       0       0       0
      Locals:        19       0       0       0       0       0       0       0       0
      Temps:          2       0       0       0       0       0       0       0       0
      Totals:        21       0       0       0       0       0       0       0       0
Total ram usage:       21 bytes
 Hardware stack levels used:    1
 Hardware stack levels required when called:    2
 This function calls:
		___awdiv
		_delay_ms
 This function is called by:
		_LCD_Init
		_LCD_Char_xy
		_LCD_String_xy
		_LCD_Clear
 This function uses a non-reentrant model


 *************** function _LCD_Char *****************
 Defined at:
		line 169 in file "PICLibs.h"
 Parameters:    Size  Location     Type
  dat             1    wreg     unsigned char 
 Auto vars:     Size  Location     Type
  dat             1   40[COMRAM] unsigned char 
  OUTS           16   24[COMRAM] short [8]
  i               2   41[COMRAM] short 
 Return value:  Size  Location     Type
                  1    wreg      void 
 Registers used:
		wreg, fsr2l, fsr2h, status,2, status,0, cstack
 Tracked objects:
		On entry : 
		On exit  : 
		Unchanged: 
 Data sizes:     COMRAM   BANK0   BANK1   BANK2   BANK3   BANK4   BANK5   BANK6   BANK7
      Params:         0       0       0       0       0       0       0       0       0
      Locals:        19       0       0       0       0       0       0       0       0
      Temps:          2       0       0       0       0       0       0       0       0
      Totals:        21       0       0       0       0       0       0       0       0
Total ram usage:       21 bytes
 Hardware stack levels used:    1
 Hardware stack levels required when called:    2
 This function calls:
		___awdiv
		_delay_ms
 This function is called by:
		_LCD_Char_xy
		_LCD_String
 This function uses a non-reentrant model


 *************** function _delay_ms *****************
 Defined at:
		line 101 in file "PICLibs.h"
 Parameters:    Size  Location     Type
  tempo           2   14[COMRAM] unsigned int 
 Auto vars:     Size  Location     Type
  j               4   18[COMRAM] unsigned long 
  i               2   16[COMRAM] unsigned int 
 Return value:  Size  Location     Type
                  1    wreg      void 
 Registers used:
		wreg, status,2, status,0
 Tracked objects:
		On entry : 
		On exit  : 
		Unchanged: 
 Data sizes:     COMRAM   BANK0   BANK1   BANK2   BANK3   BANK4   BANK5   BANK6   BANK7
      Params:         2       0       0       0       0       0       0       0       0
      Locals:         6       0       0       0       0       0       0       0       0
      Temps:          0       0       0       0       0       0       0       0       0
      Totals:         8       0       0       0       0       0       0       0       0
Total ram usage:        8 bytes
 Hardware stack levels used:    1
 Hardware stack levels required when called:    1
 This function calls:
		Nothing
 This function is called by:
		_LCD_Command
		_LCD_Init
		_LCD_Char
		_LCD_Clear
 This function uses a non-reentrant model


 *************** function ___awdiv *****************
 Defined at:
		line 8 in file "C:\Program Files (x86)\Microchip\xc8\v1.38\sources\common\awdiv.c"
 Parameters:    Size  Location     Type
  dividend        2   14[COMRAM] int 
  divisor         2   16[COMRAM] int 
 Auto vars:     Size  Location     Type
  quotient        2   20[COMRAM] int 
  sign            1   19[COMRAM] unsigned char 
  counter         1   18[COMRAM] unsigned char 
 Return value:  Size  Location     Type
                  2   14[COMRAM] int 
 Registers used:
		wreg, status,2, status,0
 Tracked objects:
		On entry : 
		On exit  : 
		Unchanged: 
 Data sizes:     COMRAM   BANK0   BANK1   BANK2   BANK3   BANK4   BANK5   BANK6   BANK7
      Params:         4       0       0       0       0       0       0       0       0
      Locals:         4       0       0       0       0       0       0       0       0
      Temps:          0       0       0       0       0       0       0       0       0
      Totals:         8       0       0       0       0       0       0       0       0
Total ram usage:        8 bytes
 Hardware stack levels used:    1
 Hardware stack levels required when called:    1
 This function calls:
		Nothing
 This function is called by:
		_LCD_Command
		_LCD_Char
 This function uses a non-reentrant model


 *************** function _TripaSeca *****************
 Defined at:
		line 38 in file "main.c"
 Parameters:    Size  Location     Type
		None
 Auto vars:     Size  Location     Type
		None
 Return value:  Size  Location     Type
                  1    wreg      void 
 Registers used:
		wreg, status,2
 Tracked objects:
		On entry : 
		On exit  : 
		Unchanged: 
 Data sizes:     COMRAM   BANK0   BANK1   BANK2   BANK3   BANK4   BANK5   BANK6   BANK7
      Params:         0       0       0       0       0       0       0       0       0
      Locals:         0       0       0       0       0       0       0       0       0
      Temps:         14       0       0       0       0       0       0       0       0
      Totals:        14       0       0       0       0       0       0       0       0
Total ram usage:       14 bytes
 Hardware stack levels used:    1
 This function calls:
		Nothing
 This function is called by:
		Interrupt level 2
 This function uses a non-reentrant model



MODULE INFORMATION

Module		Function		Class		Link	Load	Size
C:\Program Files (x86)\Microchip\xc8\v1.38\sources\common\lwmod.c
		___lwmod       		CODE           	0D28	0000	67

C:\Program Files (x86)\Microchip\xc8\v1.38\sources\common\lwmod.c estimated size: 67

PICLibs.h
		_LCD_String    		CODE           	0DE0	0000	43
		_LCD_Init      		CODE           	0DA8	0000	57
		_LCD_Command   		CODE           	0940	0000	217
		_LCD_String_xy 		CODE           	0CE4	0000	69
		_ADC_Inicializa		CODE           	0E0A	0000	41
		_LCD_Char      		CODE           	0A18	0000	217
		_LCD_Char_xy   		CODE           	0D6A	0000	63
		_delay_ms      		CODE           	0C9A	0000	75
		_leitura_ADC   		CODE           	0E32	0000	37

PICLibs.h estimated size: 819

C:\Program Files (x86)\Microchip\xc8\v1.38\sources\common\lwdiv.c
		___lwdiv       		CODE           	0BFA	0000	83

C:\Program Files (x86)\Microchip\xc8\v1.38\sources\common\lwdiv.c estimated size: 83

C:\Program Files (x86)\Microchip\xc8\v1.38\sources\common\awdiv.c
		___awdiv       		CODE           	0B76	0000	133

C:\Program Files (x86)\Microchip\xc8\v1.38\sources\common\awdiv.c estimated size: 133

shared
		__initialization		CODE           	0E56	0000	1

shared estimated size: 1

main.c
		_TripaSeca     		CODE           	0008	0000	149
		_main          		CODE           	0810	0000	305
		_setup         		CODE           	0C4C	0000	79

main.c estimated size: 533

